// Jest Snapshot v1, https://goo.gl/fbAQLP

exports[`App component tests should match the snapshot 1`] = `
<div>
  <div
    className="ui fluid container"
  >
    <div
      className="ui inverted menu"
    >
      <div
        className="item"
        onClick={[Function]}
      >
        <a
          href="/"
          onClick={[Function]}
        >
          Homepage
        </a>
      </div>
      <div
        className="item"
        onClick={[Function]}
      >
        <a
          href="/extensions"
          onClick={[Function]}
        >
          Extensions
        </a>
      </div>
      <div
        className="item"
        onClick={[Function]}
      >
        <a
          href="/settings"
          onClick={[Function]}
        >
          Settings
        </a>
      </div>
    </div>
  </div>
</div>
`;
